npx : FAIL __tests__/insi
ghts.test.ts
At line:1 char:1
+ npx jest __tests__/insi
ghts.test.ts > jest.log 
2>&1
+ ~~~~~~~~~~~~~~~~~~~~~~~
~~~~~~~~~~~~~~~~~~~~~~~~~
~~~
    + CategoryInfo       
       : NotSpecified:   
  (FAIL __tests__/insi   
 ghts.test.ts:String)    
 [], RemoteException
    + FullyQualifiedErro 
   rId : NativeCommandE  
  rror
 
  ΓùÅ Test suite failed 
to run

    Jest encountered an 
unexpected token

    Jest failed to parse 
a file. This happens 
e.g. when your code or 
its dependencies use 
non-standard JavaScript 
syntax, or when Jest is 
not configured to 
support such syntax.

    Out of the box Jest 
supports Babel, which 
will be used to 
transform your files 
into valid JS based on 
your Babel configuration.

    By default 
"node_modules" folder is 
ignored by transformers.

    Here's what you can 
do:
     ΓÇó If you are 
trying to use ECMAScript 
Modules, see https://jest
js.io/docs/ecmascript-mod
ules for how to enable 
it.
     ΓÇó If you are 
trying to use 
TypeScript, see https://j
estjs.io/docs/getting-sta
rted#using-typescript
     ΓÇó To have some of 
your "node_modules" 
files transformed, you 
can specify a custom "tra
nsformIgnorePatterns" in 
your config.
     ΓÇó If you need a 
custom transformation 
specify a "transform" 
option in your config.
     ΓÇó If you simply 
want to mock your non-JS 
modules (e.g. binary 
assets) you can stub 
them out with the 
"moduleNameMapper" 
config option.

    You'll find more 
details and examples of 
these config options in 
the docs:
    https://jestjs.io/doc
s/configuration
    For information 
about custom 
transformations, see:
    https://jestjs.io/doc
s/code-transformation

    Details:

    N:\New folder\nebula-
expense-ai\src\generated\
client.ts:52
    
globalThis['__dirname'] 
= path.dirname((0, node_u
rl_1.fileURLToPath)(impor
t.meta.url));
                         
                         
                         
     ^^^^

    SyntaxError: Cannot 
use 'import.meta' 
outside a module

    [0m[31m[1m>[22m[
39m[90m 1 |[39m 
[36mimport[39m { 
[33mPrismaClient[39m } 
[36mfrom[39m [32m"@/ge
nerated/client"[39m[33m
;[39m
     [90m   |[39m 
[31m[1m^[22m[39m
     [90m 2 |[39m 
[36mimport[39m { [33mP
rismaBetterSqlite3[39m 
} [36mfrom[39m [32m"@p
risma/adapter-better-sqli
te3"[39m[33m;[39m
     [90m 3 |[39m
     [90m 4 |[39m 
[90m// Use a single DB 
connection + 
adapter[39m[0m

      at Runtime.createSc
riptFromCode (node_module
s/jest-runtime/build/inde
x.js:1505:14)
      at 
Object.<anonymous> 
(src/lib/prisma.ts:1:1)
      at 
Object.<anonymous> (src/l
ib/expense-insights.ts:1:
1)
      at 
Object.<anonymous> (__tes
ts__/insights.test.ts:1:1
)

Test Suites: 1 failed, 1 
total
Tests:       0 total
Snapshots:   0 total
Time:        0.361 s
Ran all test suites 
matching /__tests__\\insi
ghts.test.ts/i.
